// Jest Snapshot v1, https://goo.gl/fbAQLP

exports[`QuantityControl renders correctly  1`] = `
<DocumentFragment>
  <p
    class="QuantityControl__Quantity-sc-7qsiy5-1 cJckkI"
  >
    1
  </p>
  <div
    class="QuantityControl__Controls-sc-7qsiy5-2 ccBOgV"
  >
    <button
      class="QuantityControl__QuantityButton-sc-7qsiy5-0 hQVPGU"
      type="button"
    >
      +
    </button>
    <button
      class="QuantityControl__QuantityButton-sc-7qsiy5-0 hQVPGU"
      disabled=""
      type="button"
    >
      -
    </button>
  </div>
</DocumentFragment>
`;
